#
# A fatal error has been detected by the Java Runtime Environment:
#
#  EXCEPTION_ACCESS_VIOLATION (0xc0000005) at pc=0x00007ffc24fd2c10, pid=12828, tid=22980
#
# JRE version: Java(TM) SE Runtime Environment (18.0.2.1+1) (build 18.0.2.1+1-1)
# Java VM: Java HotSpot(TM) 64-Bit Server VM (18.0.2.1+1-1, mixed mode, sharing, tiered, compressed oops, compressed class ptrs, g1 gc, windows-amd64)
# Problematic frame:
# C  [msvcp140.dll+0x12c10]
#
# No core dump will be written. Minidumps are not enabled by default on client versions of Windows
#
# If you would like to submit a bug report, please visit:
#   https://bugreport.java.com/bugreport/crash.jsp
# The crash happened outside the Java Virtual Machine in native code.
# See problematic frame for where to report the bug.
#

---------------  S U M M A R Y ------------

Command Line: -javaagent:D:\IntelliJ IDEA Community Edition 2022.2.1\lib\idea_rt.jar=60001:D:\IntelliJ IDEA Community Edition 2022.2.1\bin -Dfile.encoding=UTF-8 -Dsun.stdout.encoding=UTF-8 -Dsun.stderr.encoding=UTF-8 org.example.Main

Host: Intel(R) Core(TM) i5-10210U CPU @ 1.60GHz, 8 cores, 7G,  Windows 10 , 64 bit Build 19041 (10.0.19041.5438)
Time: Thu Apr 10 23:18:28 2025  Windows 10 , 64 bit Build 19041 (10.0.19041.5438) elapsed time: 1.305959 seconds (0d 0h 0m 1s)

---------------  T H R E A D  ---------------

Current thread (0x0000025db0658e10):  JavaThread "main" [_thread_in_native, id=22980, stack(0x00000081b9700000,0x00000081b9800000)]

Stack: [0x00000081b9700000,0x00000081b9800000],  sp=0x00000081b97fc0c0,  free space=1008k
Native frames: (J=compiled Java code, j=interpreted, Vv=VM code, C=native code)
C  [msvcp140.dll+0x12c10]
C  [jniortools.dll+0x7e7305]

Java frames: (J=compiled Java code, j=interpreted, Vv=VM code)
j  com.google.ortools.linearsolver.mainJNI.MPSolver_solve__SWIG_0(JLcom/google/ortools/linearsolver/MPSolver;)I+0
j  com.google.ortools.linearsolver.MPSolver.solve()Lcom/google/ortools/linearsolver/MPSolver$ResultStatus;+5
j  org.example.LinearAssignmentProblem.solveTask(Ljava/lang/String;)V+275
j  org.example.Main.main([Ljava/lang/String;)V+173
v  ~StubRoutines::call_stub

siginfo: EXCEPTION_ACCESS_VIOLATION (0xc0000005), reading address 0x0000000000000000


Register to memory mapping:

RIP=0x00007ffc24fd2c10 msvcp140.dll
RAX=0x0 is NULL
RBX=0x00000081b97fc3b0 is pointing into the stack for thread: 0x0000025db0658e10
RCX=0x00000081b97fc3d0 is pointing into the stack for thread: 0x0000025db0658e10
RDX=0x0 is NULL
RSP=0x00000081b97fc0c0 is pointing into the stack for thread: 0x0000025db0658e10
RBP=0x00000081b97fc310 is pointing into the stack for thread: 0x0000025db0658e10
RSI=0x00000081b97fc3c8 is pointing into the stack for thread: 0x0000025db0658e10
RDI=0x00000081b97fc3c8 is pointing into the stack for thread: 0x0000025db0658e10
R8 =0x0000000000000030 is an unknown value
R9 =0x0000000000000032 is an unknown value
R10=0x0 is NULL
R11=0x0000000000000001 is an unknown value
R12=0x0 is NULL
R13=0x0000000000000001 is an unknown value
R14=0x0 is NULL
R15=0x0000000000000001 is an unknown value


Registers:
RAX=0x0000000000000000, RBX=0x00000081b97fc3b0, RCX=0x00000081b97fc3d0, RDX=0x0000000000000000
RSP=0x00000081b97fc0c0, RBP=0x00000081b97fc310, RSI=0x00000081b97fc3c8, RDI=0x00000081b97fc3c8
R8 =0x0000000000000030, R9 =0x0000000000000032, R10=0x0000000000000000, R11=0x0000000000000001
R12=0x0000000000000000, R13=0x0000000000000001, R14=0x0000000000000000, R15=0x0000000000000001
RIP=0x00007ffc24fd2c10, EFLAGS=0x0000000000010282

Top of Stack: (sp=0x00000081b97fc0c0)
0x00000081b97fc0c0:   0000025dd35e0270 00007ffbbb3537c8
0x00000081b97fc0d0:   0000000000000013 0000000000000000
0x00000081b97fc0e0:   00007ffbbb042078 0000000000000039
0x00000081b97fc0f0:   0000db9e2fc19960 00007ffbb9e56e68
0x00000081b97fc100:   00000081b97fc628 00000081b97fc3c8
0x00000081b97fc110:   0000000000000001 00007ffbba407305
0x00000081b97fc120:   0000000000000002 0000000000000001
0x00000081b97fc130:   00000081b97fc3b0 00007ffc4aaffde6
0x00000081b97fc140:   00000081b97fc3c8 0000000000000000
0x00000081b97fc150:   0000025dd31e37f8 00007ffbb9ff0000
0x00000081b97fc160:   0000000000000001 00000081b97fc628
0x00000081b97fc170:   0000000000000001 0000000000000000
0x00000081b97fc180:   0000025dd2c4a928 0000000000000001
0x00000081b97fc190:   00000081b97fc2a0 00007ffbb9e57328
0x00000081b97fc1a0:   0000025dd2c4a920 00000081b97fc310
0x00000081b97fc1b0:   0000025dd2c4a920 0000000000000001 

Instructions: (pc=0x00007ffc24fd2c10)
0x00007ffc24fd2b10:   07 00 85 d2 74 11 83 ea 01 74 0c 83 fa 01 74 2a
0x00007ffc24fd2b20:   ff 15 72 29 04 00 cc 48 83 3d 09 39 07 00 00 74
0x00007ffc24fd2b30:   19 48 8d 05 90 66 04 00 48 89 01 48 83 c1 08 48
0x00007ffc24fd2b40:   83 c4 28 48 ff 25 96 26 04 00 48 8d 05 47 66 04
0x00007ffc24fd2b50:   00 45 33 c0 48 89 01 ba a0 0f 00 00 48 83 c1 08
0x00007ffc24fd2b60:   48 83 c4 28 48 ff 25 5d 26 04 00 cc cc cc cc cc
0x00007ffc24fd2b70:   48 83 c1 08 48 ff 25 3d 26 04 00 cc cc cc cc cc
0x00007ffc24fd2b80:   48 83 c1 08 48 ff 25 4d 26 04 00 cc cc cc cc cc
0x00007ffc24fd2b90:   48 83 c1 08 48 ff 25 b5 24 04 00 cc 48 89 5c 24
0x00007ffc24fd2ba0:   18 56 57 41 56 48 83 ec 40 48 8b 05 88 07 07 00
0x00007ffc24fd2bb0:   48 33 c4 48 89 44 24 30 8b 01 4c 8b f2 0f ba f0
0x00007ffc24fd2bc0:   08 48 8b f1 83 f8 01 75 2c ff 15 29 26 04 00 39
0x00007ffc24fd2bd0:   46 48 74 19 48 8d 4e 08 48 8b 01 48 8b 00 ff 15
0x00007ffc24fd2be0:   d4 2a 04 00 ff 15 0e 26 04 00 89 46 48 ff 46 4c
0x00007ffc24fd2bf0:   e9 f3 00 00 00 4d 85 f6 75 24 ff 15 f8 25 04 00
0x00007ffc24fd2c00:   39 46 48 0f 84 9d 00 00 00 48 8d 4e 08 48 8b 01
0x00007ffc24fd2c10:   48 8b 00 ff 15 9f 2a 04 00 e9 88 00 00 00 48 83
0x00007ffc24fd2c20:   3a 00 7c 62 75 06 83 7a 08 00 7e 5a ba 01 00 00
0x00007ffc24fd2c30:   00 48 8d 4c 24 20 e8 25 08 00 00 48 8b 44 24 20
0x00007ffc24fd2c40:   49 3b 06 7c 0c 75 7d 41 8b 46 08 39 44 24 28 7d
0x00007ffc24fd2c50:   73 ff 15 a1 25 04 00 39 46 48 74 4a 48 8b 46 08
0x00007ffc24fd2c60:   48 8d 54 24 20 49 8b ce 48 8b 58 10 e8 df 06 00
0x00007ffc24fd2c70:   00 8b d0 48 8d 4e 08 48 8b c3 ff 15 38 2a 04 00
0x00007ffc24fd2c80:   84 c0 75 22 eb a6 ff 15 6c 25 04 00 39 46 48 74
0x00007ffc24fd2c90:   15 48 8d 4e 08 48 8b 01 48 8b 40 08 ff 15 16 2a
0x00007ffc24fd2ca0:   04 00 84 c0 74 1e 8b 4e 4c 8d 41 01 89 46 4c 83
0x00007ffc24fd2cb0:   f8 01 7e 2b f7 06 00 01 00 00 75 2c 89 4e 4c 4d
0x00007ffc24fd2cc0:   85 f6 74 14 49 83 3e 00 75 07 41 83 7e 08 00 74
0x00007ffc24fd2cd0:   07 b8 02 00 00 00 eb 12 b8 03 00 00 00 eb 0b ff
0x00007ffc24fd2ce0:   15 13 25 04 00 89 46 48 33 c0 48 8b 4c 24 30 48
0x00007ffc24fd2cf0:   33 cc e8 29 f2 03 00 48 8b 5c 24 70 48 83 c4 40
0x00007ffc24fd2d00:   41 5e 5f 5e c3 cc cc cc cc cc cc cc cc cc cc cc 


Stack slot to memory mapping:
stack at sp + 0 slots: 0x0000025dd35e0270 points into unknown readable memory: 0x0000025dd3636310 | 10 63 63 d3 5d 02 00 00
stack at sp + 1 slots: 0x00007ffbbb3537c8 jniortools.dll
stack at sp + 2 slots: 0x0000000000000013 is an unknown value
stack at sp + 3 slots: 0x0 is NULL
stack at sp + 4 slots: 0x00007ffbbb042078 jniortools.dll
stack at sp + 5 slots: 0x0000000000000039 is an unknown value
stack at sp + 6 slots: 0x0000db9e2fc19960 is an unknown value
stack at sp + 7 slots: 0x00007ffbb9e56e68 jniortools.dll


---------------  P R O C E S S  ---------------

Threads class SMR info:
_java_thread_list=0x0000025dd2a46e30, length=13, elements={
0x0000025db0658e10, 0x0000025dce714080, 0x0000025dce715390, 0x0000025dce734990,
0x0000025dce735240, 0x0000025dce736290, 0x0000025dce739330, 0x0000025dce73b990,
0x0000025dce741420, 0x0000025dce7435f0, 0x0000025dce7009f0, 0x0000025dd2b364b0,
0x0000025dd2baa4f0
}

Java Threads: ( => current thread )
=>0x0000025db0658e10 JavaThread "main" [_thread_in_native, id=22980, stack(0x00000081b9700000,0x00000081b9800000)]
  0x0000025dce714080 JavaThread "Reference Handler" daemon [_thread_blocked, id=13440, stack(0x00000081b9e00000,0x00000081b9f00000)]
  0x0000025dce715390 JavaThread "Finalizer" daemon [_thread_blocked, id=5372, stack(0x00000081b9f00000,0x00000081ba000000)]
  0x0000025dce734990 JavaThread "Signal Dispatcher" daemon [_thread_blocked, id=18012, stack(0x00000081ba000000,0x00000081ba100000)]
  0x0000025dce735240 JavaThread "Attach Listener" daemon [_thread_blocked, id=1916, stack(0x00000081ba100000,0x00000081ba200000)]
  0x0000025dce736290 JavaThread "Service Thread" daemon [_thread_blocked, id=16100, stack(0x00000081ba200000,0x00000081ba300000)]
  0x0000025dce739330 JavaThread "Monitor Deflation Thread" daemon [_thread_blocked, id=13592, stack(0x00000081ba300000,0x00000081ba400000)]
  0x0000025dce73b990 JavaThread "C2 CompilerThread0" daemon [_thread_blocked, id=8144, stack(0x00000081ba400000,0x00000081ba500000)]
  0x0000025dce741420 JavaThread "C1 CompilerThread0" daemon [_thread_blocked, id=5560, stack(0x00000081ba500000,0x00000081ba600000)]
  0x0000025dce7435f0 JavaThread "Sweeper thread" daemon [_thread_blocked, id=11856, stack(0x00000081ba600000,0x00000081ba700000)]
  0x0000025dce7009f0 JavaThread "Common-Cleaner" daemon [_thread_blocked, id=6156, stack(0x00000081ba700000,0x00000081ba800000)]
  0x0000025dd2b364b0 JavaThread "Monitor Ctrl-Break" daemon [_thread_in_native, id=12964, stack(0x00000081ba800000,0x00000081ba900000)]
  0x0000025dd2baa4f0 JavaThread "Notification Thread" daemon [_thread_blocked, id=16244, stack(0x00000081ba900000,0x00000081baa00000)]

Other Threads:
  0x0000025dce70e9c0 VMThread "VM Thread" [stack: 0x00000081b9d00000,0x00000081b9e00000] [id=4788]
  0x0000025dd2baf7f0 WatcherThread "VM Periodic Task Thread" [stack: 0x00000081baa00000,0x00000081bab00000] [id=5728]
  0x0000025db06b9fe0 WorkerThread "GC Thread#0" [stack: 0x00000081b9800000,0x00000081b9900000] [id=7728]
  0x0000025db06cb930 ConcurrentGCThread "G1 Main Marker" [stack: 0x00000081b9900000,0x00000081b9a00000] [id=9492]
  0x0000025db06cc9d0 WorkerThread "G1 Conc#0" [stack: 0x00000081b9a00000,0x00000081b9b00000] [id=2712]
  0x0000025db071bd20 ConcurrentGCThread "G1 Refine#0" [stack: 0x00000081b9b00000,0x00000081b9c00000] [id=13056]
  0x0000025db071c540 ConcurrentGCThread "G1 Service" [stack: 0x00000081b9c00000,0x00000081b9d00000] [id=9820]

Threads with active compile tasks:

VM state: not at safepoint (normal execution)

VM Mutex/Monitor currently owned by a thread: None

Heap address: 0x0000000082800000, size: 2008 MB, Compressed Oops mode: 32-bit

CDS archive(s) mapped at: [0x0000000800000000-0x0000000800ba0000-0x0000000800ba0000), size 12189696, SharedBaseAddress: 0x0000000800000000, ArchiveRelocationMode: 0.
Compressed class space mapped at: 0x0000000800c00000-0x0000000840c00000, reserved size: 1073741824
Narrow klass base: 0x0000000800000000, Narrow klass shift: 0, Narrow klass range: 0x100000000

GC Precious Log:
 CardTable entry size: 512
 Card Set container configuration: InlinePtr #cards 5 size 8 Array Of Cards #cards 12 size 40 Howl #buckets 4 coarsen threshold 1843 Howl Bitmap #cards 512 size 80 coarsen threshold 460 Card regions per heap region 1 cards per card region 2048
 CPUs: 8 total, 8 available
 Memory: 8025M
 Large Page Support: Disabled
 NUMA Support: Disabled
 Compressed Oops: Enabled (32-bit)
 Heap Region Size: 1M
 Heap Min Capacity: 8M
 Heap Initial Capacity: 126M
 Heap Max Capacity: 2008M
 Pre-touch: Disabled
 Parallel Workers: 8
 Concurrent Workers: 2
 Concurrent Refinement Workers: 8
 Periodic GC: Disabled

Heap:
 garbage-first heap   total 129024K, used 8192K [0x0000000082800000, 0x0000000100000000)
  region size 1024K, 9 young (9216K), 0 survivors (0K)
 Metaspace       used 3199K, committed 3392K, reserved 1114112K
  class space    used 307K, committed 384K, reserved 1048576K

Heap Regions: E=young(eden), S=young(survivor), O=old, HS=humongous(starts), HC=humongous(continues), CS=collection set, F=free, OA=open archive, CA=closed archive, TAMS=top-at-mark-start (previous, next)
|   0|0x0000000082800000, 0x0000000082800000, 0x0000000082900000|  0%| F|  |TAMS 0x0000000082800000, 0x0000000082800000| Untracked 
|   1|0x0000000082900000, 0x0000000082900000, 0x0000000082a00000|  0%| F|  |TAMS 0x0000000082900000, 0x0000000082900000| Untracked 
|   2|0x0000000082a00000, 0x0000000082a00000, 0x0000000082b00000|  0%| F|  |TAMS 0x0000000082a00000, 0x0000000082a00000| Untracked 
|   3|0x0000000082b00000, 0x0000000082b00000, 0x0000000082c00000|  0%| F|  |TAMS 0x0000000082b00000, 0x0000000082b00000| Untracked 
|   4|0x0000000082c00000, 0x0000000082c00000, 0x0000000082d00000|  0%| F|  |TAMS 0x0000000082c00000, 0x0000000082c00000| Untracked 
|   5|0x0000000082d00000, 0x0000000082d00000, 0x0000000082e00000|  0%| F|  |TAMS 0x0000000082d00000, 0x0000000082d00000| Untracked 
|   6|0x0000000082e00000, 0x0000000082e00000, 0x0000000082f00000|  0%| F|  |TAMS 0x0000000082e00000, 0x0000000082e00000| Untracked 
|   7|0x0000000082f00000, 0x0000000082f00000, 0x0000000083000000|  0%| F|  |TAMS 0x0000000082f00000, 0x0000000082f00000| Untracked 
|   8|0x0000000083000000, 0x0000000083000000, 0x0000000083100000|  0%| F|  |TAMS 0x0000000083000000, 0x0000000083000000| Untracked 
|   9|0x0000000083100000, 0x0000000083100000, 0x0000000083200000|  0%| F|  |TAMS 0x0000000083100000, 0x0000000083100000| Untracked 
|  10|0x0000000083200000, 0x0000000083200000, 0x0000000083300000|  0%| F|  |TAMS 0x0000000083200000, 0x0000000083200000| Untracked 
|  11|0x0000000083300000, 0x0000000083300000, 0x0000000083400000|  0%| F|  |TAMS 0x0000000083300000, 0x0000000083300000| Untracked 
|  12|0x0000000083400000, 0x0000000083400000, 0x0000000083500000|  0%| F|  |TAMS 0x0000000083400000, 0x0000000083400000| Untracked 
|  13|0x0000000083500000, 0x0000000083500000, 0x0000000083600000|  0%| F|  |TAMS 0x0000000083500000, 0x0000000083500000| Untracked 
|  14|0x0000000083600000, 0x0000000083600000, 0x0000000083700000|  0%| F|  |TAMS 0x0000000083600000, 0x0000000083600000| Untracked 
|  15|0x0000000083700000, 0x0000000083700000, 0x0000000083800000|  0%| F|  |TAMS 0x0000000083700000, 0x0000000083700000| Untracked 
|  16|0x0000000083800000, 0x0000000083800000, 0x0000000083900000|  0%| F|  |TAMS 0x0000000083800000, 0x0000000083800000| Untracked 
|  17|0x0000000083900000, 0x0000000083900000, 0x0000000083a00000|  0%| F|  |TAMS 0x0000000083900000, 0x0000000083900000| Untracked 
|  18|0x0000000083a00000, 0x0000000083a00000, 0x0000000083b00000|  0%| F|  |TAMS 0x0000000083a00000, 0x0000000083a00000| Untracked 
|  19|0x0000000083b00000, 0x0000000083b00000, 0x0000000083c00000|  0%| F|  |TAMS 0x0000000083b00000, 0x0000000083b00000| Untracked 
|  20|0x0000000083c00000, 0x0000000083c00000, 0x0000000083d00000|  0%| F|  |TAMS 0x0000000083c00000, 0x0000000083c00000| Untracked 
|  21|0x0000000083d00000, 0x0000000083d00000, 0x0000000083e00000|  0%| F|  |TAMS 0x0000000083d00000, 0x0000000083d00000| Untracked 
|  22|0x0000000083e00000, 0x0000000083e00000, 0x0000000083f00000|  0%| F|  |TAMS 0x0000000083e00000, 0x0000000083e00000| Untracked 
|  23|0x0000000083f00000, 0x0000000083f00000, 0x0000000084000000|  0%| F|  |TAMS 0x0000000083f00000, 0x0000000083f00000| Untracked 
|  24|0x0000000084000000, 0x0000000084000000, 0x0000000084100000|  0%| F|  |TAMS 0x0000000084000000, 0x0000000084000000| Untracked 
|  25|0x0000000084100000, 0x0000000084100000, 0x0000000084200000|  0%| F|  |TAMS 0x0000000084100000, 0x0000000084100000| Untracked 
|  26|0x0000000084200000, 0x0000000084200000, 0x0000000084300000|  0%| F|  |TAMS 0x0000000084200000, 0x0000000084200000| Untracked 
|  27|0x0000000084300000, 0x0000000084300000, 0x0000000084400000|  0%| F|  |TAMS 0x0000000084300000, 0x0000000084300000| Untracked 
|  28|0x0000000084400000, 0x0000000084400000, 0x0000000084500000|  0%| F|  |TAMS 0x0000000084400000, 0x0000000084400000| Untracked 
|  29|0x0000000084500000, 0x0000000084500000, 0x0000000084600000|  0%| F|  |TAMS 0x0000000084500000, 0x0000000084500000| Untracked 
|  30|0x0000000084600000, 0x0000000084600000, 0x0000000084700000|  0%| F|  |TAMS 0x0000000084600000, 0x0000000084600000| Untracked 
|  31|0x0000000084700000, 0x0000000084700000, 0x0000000084800000|  0%| F|  |TAMS 0x0000000084700000, 0x0000000084700000| Untracked 
|  32|0x0000000084800000, 0x0000000084800000, 0x0000000084900000|  0%| F|  |TAMS 0x0000000084800000, 0x0000000084800000| Untracked 
|  33|0x0000000084900000, 0x0000000084900000, 0x0000000084a00000|  0%| F|  |TAMS 0x0000000084900000, 0x0000000084900000| Untracked 
|  34|0x0000000084a00000, 0x0000000084a00000, 0x0000000084b00000|  0%| F|  |TAMS 0x0000000084a00000, 0x0000000084a00000| Untracked 
|  35|0x0000000084b00000, 0x0000000084b00000, 0x0000000084c00000|  0%| F|  |TAMS 0x0000000084b00000, 0x0000000084b00000| Untracked 
|  36|0x0000000084c00000, 0x0000000084c00000, 0x0000000084d00000|  0%| F|  |TAMS 0x0000000084c00000, 0x0000000084c00000| Untracked 
|  37|0x0000000084d00000, 0x0000000084d00000, 0x0000000084e00000|  0%| F|  |TAMS 0x0000000084d00000, 0x0000000084d00000| Untracked 
|  38|0x0000000084e00000, 0x0000000084e00000, 0x0000000084f00000|  0%| F|  |TAMS 0x0000000084e00000, 0x0000000084e00000| Untracked 
|  39|0x0000000084f00000, 0x0000000084f00000, 0x0000000085000000|  0%| F|  |TAMS 0x0000000084f00000, 0x0000000084f00000| Untracked 
|  40|0x0000000085000000, 0x0000000085000000, 0x0000000085100000|  0%| F|  |TAMS 0x0000000085000000, 0x0000000085000000| Untracked 
|  41|0x0000000085100000, 0x0000000085100000, 0x0000000085200000|  0%| F|  |TAMS 0x0000000085100000, 0x0000000085100000| Untracked 
|  42|0x0000000085200000, 0x0000000085200000, 0x0000000085300000|  0%| F|  |TAMS 0x0000000085200000, 0x0000000085200000| Untracked 
|  43|0x0000000085300000, 0x0000000085300000, 0x0000000085400000|  0%| F|  |TAMS 0x0000000085300000, 0x0000000085300000| Untracked 
|  44|0x0000000085400000, 0x0000000085400000, 0x0000000085500000|  0%| F|  |TAMS 0x0000000085400000, 0x0000000085400000| Untracked 
|  45|0x0000000085500000, 0x0000000085500000, 0x0000000085600000|  0%| F|  |TAMS 0x0000000085500000, 0x0000000085500000| Untracked 
|  46|0x0000000085600000, 0x0000000085600000, 0x0000000085700000|  0%| F|  |TAMS 0x0000000085600000, 0x0000000085600000| Untracked 
|  47|0x0000000085700000, 0x0000000085700000, 0x0000000085800000|  0%| F|  |TAMS 0x0000000085700000, 0x0000000085700000| Untracked 
|  48|0x0000000085800000, 0x0000000085800000, 0x0000000085900000|  0%| F|  |TAMS 0x0000000085800000, 0x0000000085800000| Untracked 
|  49|0x0000000085900000, 0x0000000085900000, 0x0000000085a00000|  0%| F|  |TAMS 0x0000000085900000, 0x0000000085900000| Untracked 
|  50|0x0000000085a00000, 0x0000000085a00000, 0x0000000085b00000|  0%| F|  |TAMS 0x0000000085a00000, 0x0000000085a00000| Untracked 
|  51|0x0000000085b00000, 0x0000000085b00000, 0x0000000085c00000|  0%| F|  |TAMS 0x0000000085b00000, 0x0000000085b00000| Untracked 
|  52|0x0000000085c00000, 0x0000000085c00000, 0x0000000085d00000|  0%| F|  |TAMS 0x0000000085c00000, 0x0000000085c00000| Untracked 
|  53|0x0000000085d00000, 0x0000000085d00000, 0x0000000085e00000|  0%| F|  |TAMS 0x0000000085d00000, 0x0000000085d00000| Untracked 
|  54|0x0000000085e00000, 0x0000000085e00000, 0x0000000085f00000|  0%| F|  |TAMS 0x0000000085e00000, 0x0000000085e00000| Untracked 
|  55|0x0000000085f00000, 0x0000000085f00000, 0x0000000086000000|  0%| F|  |TAMS 0x0000000085f00000, 0x0000000085f00000| Untracked 
|  56|0x0000000086000000, 0x0000000086000000, 0x0000000086100000|  0%| F|  |TAMS 0x0000000086000000, 0x0000000086000000| Untracked 
|  57|0x0000000086100000, 0x0000000086100000, 0x0000000086200000|  0%| F|  |TAMS 0x0000000086100000, 0x0000000086100000| Untracked 
|  58|0x0000000086200000, 0x0000000086200000, 0x0000000086300000|  0%| F|  |TAMS 0x0000000086200000, 0x0000000086200000| Untracked 
|  59|0x0000000086300000, 0x0000000086300000, 0x0000000086400000|  0%| F|  |TAMS 0x0000000086300000, 0x0000000086300000| Untracked 
|  60|0x0000000086400000, 0x0000000086400000, 0x0000000086500000|  0%| F|  |TAMS 0x0000000086400000, 0x0000000086400000| Untracked 
|  61|0x0000000086500000, 0x0000000086500000, 0x0000000086600000|  0%| F|  |TAMS 0x0000000086500000, 0x0000000086500000| Untracked 
|  62|0x0000000086600000, 0x0000000086600000, 0x0000000086700000|  0%| F|  |TAMS 0x0000000086600000, 0x0000000086600000| Untracked 
|  63|0x0000000086700000, 0x0000000086700000, 0x0000000086800000|  0%| F|  |TAMS 0x0000000086700000, 0x0000000086700000| Untracked 
|  64|0x0000000086800000, 0x0000000086800000, 0x0000000086900000|  0%| F|  |TAMS 0x0000000086800000, 0x0000000086800000| Untracked 
|  65|0x0000000086900000, 0x0000000086900000, 0x0000000086a00000|  0%| F|  |TAMS 0x0000000086900000, 0x0000000086900000| Untracked 
|  66|0x0000000086a00000, 0x0000000086a00000, 0x0000000086b00000|  0%| F|  |TAMS 0x0000000086a00000, 0x0000000086a00000| Untracked 
|  67|0x0000000086b00000, 0x0000000086b00000, 0x0000000086c00000|  0%| F|  |TAMS 0x0000000086b00000, 0x0000000086b00000| Untracked 
|  68|0x0000000086c00000, 0x0000000086c00000, 0x0000000086d00000|  0%| F|  |TAMS 0x0000000086c00000, 0x0000000086c00000| Untracked 
|  69|0x0000000086d00000, 0x0000000086d00000, 0x0000000086e00000|  0%| F|  |TAMS 0x0000000086d00000, 0x0000000086d00000| Untracked 
|  70|0x0000000086e00000, 0x0000000086e00000, 0x0000000086f00000|  0%| F|  |TAMS 0x0000000086e00000, 0x0000000086e00000| Untracked 
|  71|0x0000000086f00000, 0x0000000086f00000, 0x0000000087000000|  0%| F|  |TAMS 0x0000000086f00000, 0x0000000086f00000| Untracked 
|  72|0x0000000087000000, 0x0000000087000000, 0x0000000087100000|  0%| F|  |TAMS 0x0000000087000000, 0x0000000087000000| Untracked 
|  73|0x0000000087100000, 0x0000000087100000, 0x0000000087200000|  0%| F|  |TAMS 0x0000000087100000, 0x0000000087100000| Untracked 
|  74|0x0000000087200000, 0x0000000087200000, 0x0000000087300000|  0%| F|  |TAMS 0x0000000087200000, 0x0000000087200000| Untracked 
|  75|0x0000000087300000, 0x0000000087300000, 0x0000000087400000|  0%| F|  |TAMS 0x0000000087300000, 0x0000000087300000| Untracked 
|  76|0x0000000087400000, 0x0000000087400000, 0x0000000087500000|  0%| F|  |TAMS 0x0000000087400000, 0x0000000087400000| Untracked 
|  77|0x0000000087500000, 0x0000000087500000, 0x0000000087600000|  0%| F|  |TAMS 0x0000000087500000, 0x0000000087500000| Untracked 
|  78|0x0000000087600000, 0x0000000087600000, 0x0000000087700000|  0%| F|  |TAMS 0x0000000087600000, 0x0000000087600000| Untracked 
|  79|0x0000000087700000, 0x0000000087700000, 0x0000000087800000|  0%| F|  |TAMS 0x0000000087700000, 0x0000000087700000| Untracked 
|  80|0x0000000087800000, 0x0000000087800000, 0x0000000087900000|  0%| F|  |TAMS 0x0000000087800000, 0x0000000087800000| Untracked 
|  81|0x0000000087900000, 0x0000000087900000, 0x0000000087a00000|  0%| F|  |TAMS 0x0000000087900000, 0x0000000087900000| Untracked 
|  82|0x0000000087a00000, 0x0000000087a00000, 0x0000000087b00000|  0%| F|  |TAMS 0x0000000087a00000, 0x0000000087a00000| Untracked 
|  83|0x0000000087b00000, 0x0000000087b00000, 0x0000000087c00000|  0%| F|  |TAMS 0x0000000087b00000, 0x0000000087b00000| Untracked 
|  84|0x0000000087c00000, 0x0000000087c00000, 0x0000000087d00000|  0%| F|  |TAMS 0x0000000087c00000, 0x0000000087c00000| Untracked 
|  85|0x0000000087d00000, 0x0000000087d00000, 0x0000000087e00000|  0%| F|  |TAMS 0x0000000087d00000, 0x0000000087d00000| Untracked 
|  86|0x0000000087e00000, 0x0000000087e00000, 0x0000000087f00000|  0%| F|  |TAMS 0x0000000087e00000, 0x0000000087e00000| Untracked 
|  87|0x0000000087f00000, 0x0000000087f00000, 0x0000000088000000|  0%| F|  |TAMS 0x0000000087f00000, 0x0000000087f00000| Untracked 
|  88|0x0000000088000000, 0x0000000088000000, 0x0000000088100000|  0%| F|  |TAMS 0x0000000088000000, 0x0000000088000000| Untracked 
|  89|0x0000000088100000, 0x0000000088100000, 0x0000000088200000|  0%| F|  |TAMS 0x0000000088100000, 0x0000000088100000| Untracked 
|  90|0x0000000088200000, 0x0000000088200000, 0x0000000088300000|  0%| F|  |TAMS 0x0000000088200000, 0x0000000088200000| Untracked 
|  91|0x0000000088300000, 0x0000000088300000, 0x0000000088400000|  0%| F|  |TAMS 0x0000000088300000, 0x0000000088300000| Untracked 
|  92|0x0000000088400000, 0x0000000088400000, 0x0000000088500000|  0%| F|  |TAMS 0x0000000088400000, 0x0000000088400000| Untracked 
|  93|0x0000000088500000, 0x0000000088500000, 0x0000000088600000|  0%| F|  |TAMS 0x0000000088500000, 0x0000000088500000| Untracked 
|  94|0x0000000088600000, 0x0000000088600000, 0x0000000088700000|  0%| F|  |TAMS 0x0000000088600000, 0x0000000088600000| Untracked 
|  95|0x0000000088700000, 0x0000000088700000, 0x0000000088800000|  0%| F|  |TAMS 0x0000000088700000, 0x0000000088700000| Untracked 
|  96|0x0000000088800000, 0x0000000088800000, 0x0000000088900000|  0%| F|  |TAMS 0x0000000088800000, 0x0000000088800000| Untracked 
|  97|0x0000000088900000, 0x0000000088900000, 0x0000000088a00000|  0%| F|  |TAMS 0x0000000088900000, 0x0000000088900000| Untracked 
|  98|0x0000000088a00000, 0x0000000088a00000, 0x0000000088b00000|  0%| F|  |TAMS 0x0000000088a00000, 0x0000000088a00000| Untracked 
|  99|0x0000000088b00000, 0x0000000088b00000, 0x0000000088c00000|  0%| F|  |TAMS 0x0000000088b00000, 0x0000000088b00000| Untracked 
| 100|0x0000000088c00000, 0x0000000088c00000, 0x0000000088d00000|  0%| F|  |TAMS 0x0000000088c00000, 0x0000000088c00000| Untracked 
| 101|0x0000000088d00000, 0x0000000088d00000, 0x0000000088e00000|  0%| F|  |TAMS 0x0000000088d00000, 0x0000000088d00000| Untracked 
| 102|0x0000000088e00000, 0x0000000088e00000, 0x0000000088f00000|  0%| F|  |TAMS 0x0000000088e00000, 0x0000000088e00000| Untracked 
| 103|0x0000000088f00000, 0x0000000088f00000, 0x0000000089000000|  0%| F|  |TAMS 0x0000000088f00000, 0x0000000088f00000| Untracked 
| 104|0x0000000089000000, 0x0000000089000000, 0x0000000089100000|  0%| F|  |TAMS 0x0000000089000000, 0x0000000089000000| Untracked 
| 105|0x0000000089100000, 0x0000000089100000, 0x0000000089200000|  0%| F|  |TAMS 0x0000000089100000, 0x0000000089100000| Untracked 
| 106|0x0000000089200000, 0x0000000089200000, 0x0000000089300000|  0%| F|  |TAMS 0x0000000089200000, 0x0000000089200000| Untracked 
| 107|0x0000000089300000, 0x0000000089300000, 0x0000000089400000|  0%| F|  |TAMS 0x0000000089300000, 0x0000000089300000| Untracked 
| 108|0x0000000089400000, 0x0000000089400000, 0x0000000089500000|  0%| F|  |TAMS 0x0000000089400000, 0x0000000089400000| Untracked 
| 109|0x0000000089500000, 0x0000000089500000, 0x0000000089600000|  0%| F|  |TAMS 0x0000000089500000, 0x0000000089500000| Untracked 
| 110|0x0000000089600000, 0x0000000089600000, 0x0000000089700000|  0%| F|  |TAMS 0x0000000089600000, 0x0000000089600000| Untracked 
| 111|0x0000000089700000, 0x0000000089700000, 0x0000000089800000|  0%| F|  |TAMS 0x0000000089700000, 0x0000000089700000| Untracked 
| 112|0x0000000089800000, 0x0000000089800000, 0x0000000089900000|  0%| F|  |TAMS 0x0000000089800000, 0x0000000089800000| Untracked 
| 113|0x0000000089900000, 0x0000000089900000, 0x0000000089a00000|  0%| F|  |TAMS 0x0000000089900000, 0x0000000089900000| Untracked 
| 114|0x0000000089a00000, 0x0000000089a00000, 0x0000000089b00000|  0%| F|  |TAMS 0x0000000089a00000, 0x0000000089a00000| Untracked 
| 115|0x0000000089b00000, 0x0000000089b00000, 0x0000000089c00000|  0%| F|  |TAMS 0x0000000089b00000, 0x0000000089b00000| Untracked 
| 116|0x0000000089c00000, 0x0000000089c00000, 0x0000000089d00000|  0%| F|  |TAMS 0x0000000089c00000, 0x0000000089c00000| Untracked 
| 117|0x0000000089d00000, 0x0000000089d76438, 0x0000000089e00000| 46%| E|  |TAMS 0x0000000089d00000, 0x0000000089d00000| Complete 
| 118|0x0000000089e00000, 0x0000000089f00000, 0x0000000089f00000|100%| E|CS|TAMS 0x0000000089e00000, 0x0000000089e00000| Complete 
| 119|0x0000000089f00000, 0x000000008a000000, 0x000000008a000000|100%| E|CS|TAMS 0x0000000089f00000, 0x0000000089f00000| Complete 
| 120|0x000000008a000000, 0x000000008a100000, 0x000000008a100000|100%| E|CS|TAMS 0x000000008a000000, 0x000000008a000000| Complete 
| 121|0x000000008a100000, 0x000000008a200000, 0x000000008a200000|100%| E|CS|TAMS 0x000000008a100000, 0x000000008a100000| Complete 
| 122|0x000000008a200000, 0x000000008a300000, 0x000000008a300000|100%| E|CS|TAMS 0x000000008a200000, 0x000000008a200000| Complete 
| 123|0x000000008a300000, 0x000000008a400000, 0x000000008a400000|100%| E|CS|TAMS 0x000000008a300000, 0x000000008a300000| Complete 
| 124|0x000000008a400000, 0x000000008a500000, 0x000000008a500000|100%| E|CS|TAMS 0x000000008a400000, 0x000000008a400000| Complete 
| 125|0x000000008a500000, 0x000000008a600000, 0x000000008a600000|100%| E|CS|TAMS 0x000000008a500000, 0x000000008a500000| Complete 

Card table byte_map: [0x0000025dc76b0000,0x0000025dc7aa0000] _byte_map_base: 0x0000025dc729c000

Marking Bits (Prev, Next): (CMBitMap*) 0x0000025db06bb500, (CMBitMap*) 0x0000025db06bb540
 Prev Bits: [0x0000025dc7e90000, 0x0000025dc9df0000)
 Next Bits: [0x0000025dc9df0000, 0x0000025dcbd50000)

Polling page: 0x0000025dafe20000

Metaspace:

Usage:
  Non-class:      2.82 MB used.
      Class:    307.16 KB used.
       Both:      3.12 MB used.

Virtual space:
  Non-class space:       64.00 MB reserved,       2.94 MB (  5%) committed,  1 nodes.
      Class space:        1.00 GB reserved,     384.00 KB ( <1%) committed,  1 nodes.
             Both:        1.06 GB reserved,       3.31 MB ( <1%) committed. 

Chunk freelists:
   Non-Class:  3.47 MB
       Class:  3.64 MB
        Both:  7.11 MB

MaxMetaspaceSize: unlimited
CompressedClassSpaceSize: 1.00 GB
Initial GC threshold: 21.00 MB
Current GC threshold: 21.00 MB
CDS: on
MetaspaceReclaimPolicy: balanced
 - commit_granule_bytes: 65536.
 - commit_granule_words: 8192.
 - virtual_space_node_default_size: 8388608.
 - enlarge_chunks_in_place: 1.
 - new_chunks_are_fully_committed: 0.
 - uncommit_free_chunks: 1.
 - use_allocation_guard: 0.


Internal statistics:

num_allocs_failed_limit: 0.
num_arena_births: 140.
num_arena_deaths: 0.
num_vsnodes_births: 2.
num_vsnodes_deaths: 0.
num_space_committed: 53.
num_space_uncommitted: 0.
num_chunks_returned_to_freelist: 0.
num_chunks_taken_from_freelist: 197.
num_chunk_merges: 0.
num_chunk_splits: 121.
num_chunks_enlarged: 60.
num_inconsistent_stats: 0.

CodeHeap 'non-profiled nmethods': size=120000Kb used=252Kb max_used=252Kb free=119747Kb
 bounds [0x0000025dbfa60000, 0x0000025dbfcd0000, 0x0000025dc6f90000]
CodeHeap 'profiled nmethods': size=120000Kb used=1281Kb max_used=1281Kb free=118719Kb
 bounds [0x0000025db8530000, 0x0000025db87a0000, 0x0000025dbfa60000]
CodeHeap 'non-nmethods': size=5760Kb used=1181Kb max_used=1197Kb free=4578Kb
 bounds [0x0000025db7f90000, 0x0000025db8200000, 0x0000025db8530000]
 total_blobs=1344 nmethods=876 adapters=381
 compilation: enabled
              stopped_count=0, restarted_count=0
 full_count=0

Compilation events (20 events):
Event: 1.280 Thread 0x0000025dce741420  871       3       java.util.regex.Matcher::search (154 bytes)
Event: 1.281 Thread 0x0000025dce741420 nmethod 871 0x0000025db866d510 code [0x0000025db866d6e0, 0x0000025db866dc78]
Event: 1.281 Thread 0x0000025dce741420  867       3       java.util.regex.ASCII::toUpper (16 bytes)
Event: 1.281 Thread 0x0000025dce741420 nmethod 867 0x0000025db866de90 code [0x0000025db866e020, 0x0000025db866e218]
Event: 1.281 Thread 0x0000025dce741420  868       3       java.util.regex.ASCII::isLower (18 bytes)
Event: 1.281 Thread 0x0000025dce741420 nmethod 868 0x0000025db866e310 code [0x0000025db866e4a0, 0x0000025db866e5f8]
Event: 1.281 Thread 0x0000025dce741420  872       3       java.nio.CharBuffer::position (8 bytes)
Event: 1.281 Thread 0x0000025dce741420 nmethod 872 0x0000025db866e690 code [0x0000025db866e820, 0x0000025db866e968]
Event: 1.281 Thread 0x0000025dce741420  870       3       java.util.regex.Pattern::bitsOrSingle (106 bytes)
Event: 1.282 Thread 0x0000025dce741420 nmethod 870 0x0000025db866ea10 code [0x0000025db866ec00, 0x0000025db866f258]
Event: 1.282 Thread 0x0000025dce741420  869       3       java.util.regex.Pattern$Node::<init> (12 bytes)
Event: 1.282 Thread 0x0000025dce741420 nmethod 869 0x0000025db866f390 code [0x0000025db866f540, 0x0000025db866f718]
Event: 1.282 Thread 0x0000025dce741420  876       1       java.lang.Long::longValue (5 bytes)
Event: 1.282 Thread 0x0000025dce741420 nmethod 876 0x0000025dbfa9ef90 code [0x0000025dbfa9f120, 0x0000025dbfa9f1f8]
Event: 1.282 Thread 0x0000025dce741420  873       3       java.nio.CharBuffer::position (6 bytes)
Event: 1.282 Thread 0x0000025dce741420 nmethod 873 0x0000025db866f810 code [0x0000025db866f9c0, 0x0000025db866fb68]
Event: 1.282 Thread 0x0000025dce741420  874       3       java.nio.CharBuffer::<init> (24 bytes)
Event: 1.283 Thread 0x0000025dce741420 nmethod 874 0x0000025db866fc10 code [0x0000025db866fdc0, 0x0000025db866ff68]
Event: 1.283 Thread 0x0000025dce741420  875       3       java.nio.CharBuffer::limit (6 bytes)
Event: 1.283 Thread 0x0000025dce741420 nmethod 875 0x0000025db8670010 code [0x0000025db86701c0, 0x0000025db8670368]

GC Heap History (0 events):
No events

Deoptimization events (20 events):
Event: 0.326 Thread 0x0000025db0658e10 Uncommon trap: trap_request=0xffffffbe fr.pc=0x0000025dbfa81210 relative=0x0000000000000570
Event: 0.326 Thread 0x0000025db0658e10 Uncommon trap: reason=profile_predicate action=maybe_recompile pc=0x0000025dbfa81210 method=jdk.internal.org.objectweb.asm.ByteVector.putUTF8(Ljava/lang/String;)Ljdk/internal/org/objectweb/asm/ByteVector; @ 79 c2
Event: 0.326 Thread 0x0000025db0658e10 DEOPT PACKING pc=0x0000025dbfa81210 sp=0x00000081b97fd330
Event: 0.326 Thread 0x0000025db0658e10 DEOPT UNPACKING pc=0x0000025db7fe23a3 sp=0x00000081b97fd2b0 mode 2
Event: 0.326 Thread 0x0000025db0658e10 Uncommon trap: trap_request=0xffffffbe fr.pc=0x0000025dbfa81210 relative=0x0000000000000570
Event: 0.326 Thread 0x0000025db0658e10 Uncommon trap: reason=profile_predicate action=maybe_recompile pc=0x0000025dbfa81210 method=jdk.internal.org.objectweb.asm.ByteVector.putUTF8(Ljava/lang/String;)Ljdk/internal/org/objectweb/asm/ByteVector; @ 79 c2
Event: 0.326 Thread 0x0000025db0658e10 DEOPT PACKING pc=0x0000025dbfa81210 sp=0x00000081b97fd330
Event: 0.326 Thread 0x0000025db0658e10 DEOPT UNPACKING pc=0x0000025db7fe23a3 sp=0x00000081b97fd2b0 mode 2
Event: 0.326 Thread 0x0000025db0658e10 Uncommon trap: trap_request=0xffffffbe fr.pc=0x0000025dbfa81210 relative=0x0000000000000570
Event: 0.326 Thread 0x0000025db0658e10 Uncommon trap: reason=profile_predicate action=maybe_recompile pc=0x0000025dbfa81210 method=jdk.internal.org.objectweb.asm.ByteVector.putUTF8(Ljava/lang/String;)Ljdk/internal/org/objectweb/asm/ByteVector; @ 79 c2
Event: 0.326 Thread 0x0000025db0658e10 DEOPT PACKING pc=0x0000025dbfa81210 sp=0x00000081b97fd300
Event: 0.326 Thread 0x0000025db0658e10 DEOPT UNPACKING pc=0x0000025db7fe23a3 sp=0x00000081b97fd280 mode 2
Event: 0.447 Thread 0x0000025db0658e10 Uncommon trap: trap_request=0xffffff45 fr.pc=0x0000025dbfa6d368 relative=0x0000000000000a48
Event: 0.447 Thread 0x0000025db0658e10 Uncommon trap: reason=unstable_if action=reinterpret pc=0x0000025dbfa6d368 method=java.util.HashMap.putVal(ILjava/lang/Object;Ljava/lang/Object;ZZ)Ljava/lang/Object; @ 181 c2
Event: 0.447 Thread 0x0000025db0658e10 DEOPT PACKING pc=0x0000025dbfa6d368 sp=0x00000081b97fdf20
Event: 0.447 Thread 0x0000025db0658e10 DEOPT UNPACKING pc=0x0000025db7fe23a3 sp=0x00000081b97fdee0 mode 2
Event: 1.182 Thread 0x0000025db0658e10 Uncommon trap: trap_request=0xffffff45 fr.pc=0x0000025dbfa96f94 relative=0x00000000000000f4
Event: 1.182 Thread 0x0000025db0658e10 Uncommon trap: reason=unstable_if action=reinterpret pc=0x0000025dbfa96f94 method=java.lang.ThreadLocal$ThreadLocalMap.getEntry(Ljava/lang/ThreadLocal;)Ljava/lang/ThreadLocal$ThreadLocalMap$Entry; @ 21 c2
Event: 1.182 Thread 0x0000025db0658e10 DEOPT PACKING pc=0x0000025dbfa96f94 sp=0x00000081b97fecc0
Event: 1.182 Thread 0x0000025db0658e10 DEOPT UNPACKING pc=0x0000025db7fe23a3 sp=0x00000081b97febd8 mode 2

Classes loaded (20 events):
Event: 1.161 Loading class sun/util/locale/provider/BaseLocaleDataMetaInfo
Event: 1.161 Loading class sun/util/locale/provider/BaseLocaleDataMetaInfo done
Event: 1.163 Loading class sun/util/resources/cldr/TimeZoneNames
Event: 1.163 Loading class sun/util/resources/TimeZoneNamesBundle
Event: 1.163 Loading class sun/util/resources/OpenListResourceBundle
Event: 1.164 Loading class sun/util/resources/OpenListResourceBundle done
Event: 1.164 Loading class sun/util/resources/TimeZoneNamesBundle done
Event: 1.164 Loading class sun/util/resources/cldr/TimeZoneNames done
Event: 1.164 Loading class sun/util/resources/cldr/TimeZoneNames_en
Event: 1.165 Loading class sun/util/resources/cldr/TimeZoneNames_en done
Event: 1.165 Loading class sun/util/resources/cldr/TimeZoneNames_en_US
Event: 1.165 Loading class sun/util/resources/cldr/TimeZoneNames_en_US done
Event: 1.168 Loading class sun/util/cldr/CLDRBaseLocaleDataMetaInfo$TZCanonicalIDMapHolder
Event: 1.169 Loading class sun/util/cldr/CLDRBaseLocaleDataMetaInfo$TZCanonicalIDMapHolder done
Event: 1.171 Loading class sun/util/resources/TimeZoneNames
Event: 1.172 Loading class sun/util/resources/TimeZoneNames done
Event: 1.173 Loading class sun/util/resources/TimeZoneNames_en
Event: 1.173 Loading class sun/util/resources/TimeZoneNames_en done
Event: 1.182 Loading class jdk/internal/math/FDBigInteger
Event: 1.183 Loading class jdk/internal/math/FDBigInteger done

Classes unloaded (0 events):
No events

Classes redefined (0 events):
No events

Internal exceptions (12 events):
Event: 0.252 Thread 0x0000025db0658e10 Exception <a 'java/lang/NoSuchMethodError'{0x000000008a38dc68}: 'void java.lang.invoke.DirectMethodHandle$Holder.invokeStatic(java.lang.Object, java.lang.Object, java.lang.Object)'> (0x000000008a38dc68) 
thrown [s\open\src\hotspot\share\interpreter\linkResolver.cpp, line 759]
Event: 0.261 Thread 0x0000025db0658e10 Exception <a 'java/lang/NoSuchMethodError'{0x000000008a3a6980}: 'java.lang.Object java.lang.invoke.Invokers$Holder.invokeExact_MT(java.lang.Object, java.lang.Object, java.lang.Object, java.lang.Object, java.lang.Object)'> (0x000000008a3a6980) 
thrown [s\open\src\hotspot\share\interpreter\linkResolver.cpp, line 759]
Event: 0.280 Thread 0x0000025dd2b364b0 Exception <a 'java/lang/NoSuchMethodError'{0x000000008a206c80}: 'void java.lang.invoke.DirectMethodHandle$Holder.invokeStatic(java.lang.Object, java.lang.Object)'> (0x000000008a206c80) 
thrown [s\open\src\hotspot\share\interpreter\linkResolver.cpp, line 759]
Event: 0.454 Thread 0x0000025db0658e10 Exception <a 'java/lang/NoSuchMethodError'{0x000000008a1ee2c0}: 'java.lang.Object java.lang.invoke.DirectMethodHandle$Holder.invokeStaticInit(java.lang.Object, int, int, int, int)'> (0x000000008a1ee2c0) 
thrown [s\open\src\hotspot\share\interpreter\linkResolver.cpp, line 759]
Event: 0.519 Thread 0x0000025db0658e10 Exception <a 'java/lang/NoSuchMethodError'{0x000000008a04b3c8}: 'java.lang.Object java.lang.invoke.DirectMethodHandle$Holder.invokeStaticInit(java.lang.Object, java.lang.Object, int, int, int, int)'> (0x000000008a04b3c8) 
thrown [s\open\src\hotspot\share\interpreter\linkResolver.cpp, line 759]
Event: 0.541 Thread 0x0000025db0658e10 Exception <a 'java/lang/NoSuchMethodError'{0x000000008a074fd8}: 'java.lang.Object java.lang.invoke.DirectMethodHandle$Holder.invokeStaticInit(java.lang.Object)'> (0x000000008a074fd8) 
thrown [s\open\src\hotspot\share\interpreter\linkResolver.cpp, line 759]
Event: 0.585 Thread 0x0000025db0658e10 Exception <a 'sun/nio/fs/WindowsException'{0x0000000089f056c0}> (0x0000000089f056c0) 
thrown [s\open\src\hotspot\share\prims\jni.cpp, line 516]
Event: 0.585 Thread 0x0000025db0658e10 Exception <a 'sun/nio/fs/WindowsException'{0x0000000089f05a00}> (0x0000000089f05a00) 
thrown [s\open\src\hotspot\share\prims\jni.cpp, line 516]
Event: 0.586 Thread 0x0000025db0658e10 Exception <a 'sun/nio/fs/WindowsException'{0x0000000089f06b28}> (0x0000000089f06b28) 
thrown [s\open\src\hotspot\share\prims\jni.cpp, line 516]
Event: 0.586 Thread 0x0000025db0658e10 Exception <a 'sun/nio/fs/WindowsException'{0x0000000089f06eb8}> (0x0000000089f06eb8) 
thrown [s\open\src\hotspot\share\prims\jni.cpp, line 516]
Event: 1.176 Thread 0x0000025dce735240 Exception <a 'java/lang/NoSuchMethodError'{0x0000000089fe5d88}: 'java.lang.Object java.lang.invoke.Invokers$Holder.invokeExact_MT(java.lang.Object, java.lang.Object, java.lang.Object, java.lang.Object, java.lang.Object, java.lang.Object)'> (0x0000000089fe5d88) 
thrown [s\open\src\hotspot\share\interpreter\linkResolver.cpp, line 759]
Event: 1.182 Thread 0x0000025db0658e10 Implicit null exception at 0x0000025dbfa96f00 to 0x0000025dbfa96f7c

VM Operations (6 events):
Event: 0.146 Executing VM operation: HandshakeAllThreads
Event: 0.147 Executing VM operation: HandshakeAllThreads done
Event: 0.272 Executing VM operation: HandshakeAllThreads
Event: 0.272 Executing VM operation: HandshakeAllThreads done
Event: 0.527 Executing VM operation: HandshakeAllThreads
Event: 0.527 Executing VM operation: HandshakeAllThreads done

Events (20 events):
Event: 0.032 Thread 0x0000025dce714080 Thread added: 0x0000025dce714080
Event: 0.032 Thread 0x0000025dce715390 Thread added: 0x0000025dce715390
Event: 0.055 Thread 0x0000025dce734990 Thread added: 0x0000025dce734990
Event: 0.055 Thread 0x0000025dce735240 Thread added: 0x0000025dce735240
Event: 0.055 Thread 0x0000025dce736290 Thread added: 0x0000025dce736290
Event: 0.055 Thread 0x0000025dce739330 Thread added: 0x0000025dce739330
Event: 0.055 Thread 0x0000025dce73b990 Thread added: 0x0000025dce73b990
Event: 0.056 Thread 0x0000025dce741420 Thread added: 0x0000025dce741420
Event: 0.056 Thread 0x0000025dce7435f0 Thread added: 0x0000025dce7435f0
Event: 0.128 Thread 0x0000025dce7009f0 Thread added: 0x0000025dce7009f0
Event: 0.174 Loaded shared library C:\Program Files\Java\jdk-18.0.2.1\bin\zip.dll
Event: 0.178 Loaded shared library C:\Program Files\Java\jdk-18.0.2.1\bin\instrument.dll
Event: 0.194 Loaded shared library C:\Program Files\Java\jdk-18.0.2.1\bin\net.dll
Event: 0.197 Loaded shared library C:\Program Files\Java\jdk-18.0.2.1\bin\nio.dll
Event: 0.205 Loaded shared library C:\Program Files\Java\jdk-18.0.2.1\bin\zip.dll
Event: 0.266 Loaded shared library D:\IntelliJ IDEA Community Edition 2022.2.1\bin\breakgen64.dll
Event: 0.269 Thread 0x0000025dd2b364b0 Thread added: 0x0000025dd2b364b0
Event: 0.269 Thread 0x0000025dd2baa4f0 Thread added: 0x0000025dd2baa4f0
Event: 0.338 Loaded shared library C:\Program Files\Java\jdk-18.0.2.1\bin\jimage.dll
Event: 1.150 Loaded shared library C:\Users\Валерия\AppData\Local\Temp\ortools-java4702061053196083634\ortools-win32-x86-64\jniortools.dll


Dynamic libraries:
0x00007ff7e74b0000 - 0x00007ff7e74c0000 	C:\Program Files\Java\jdk-18.0.2.1\bin\java.exe
0x00007ffc4cbd0000 - 0x00007ffc4cdc8000 	C:\Windows\SYSTEM32\ntdll.dll
0x00007ffc4c830000 - 0x00007ffc4c8f2000 	C:\Windows\System32\KERNEL32.DLL
0x00007ffc4a4d0000 - 0x00007ffc4a7cf000 	C:\Windows\System32\KERNELBASE.dll
0x00007ffc4aaf0000 - 0x00007ffc4abf0000 	C:\Windows\System32\ucrtbase.dll
0x00007ffc30030000 - 0x00007ffc30048000 	C:\Program Files\Java\jdk-18.0.2.1\bin\jli.dll
0x00007ffc4c900000 - 0x00007ffc4c9af000 	C:\Windows\System32\ADVAPI32.dll
0x00007ffc2fdd0000 - 0x00007ffc2fdea000 	C:\Program Files\Java\jdk-18.0.2.1\bin\VCRUNTIME140.dll
0x00007ffc4b0a0000 - 0x00007ffc4b13e000 	C:\Windows\System32\msvcrt.dll
0x00007ffc4c680000 - 0x00007ffc4c71f000 	C:\Windows\System32\sechost.dll
0x00007ffc4b670000 - 0x00007ffc4b793000 	C:\Windows\System32\RPCRT4.dll
0x00007ffc4aa30000 - 0x00007ffc4aa57000 	C:\Windows\System32\bcrypt.dll
0x00007ffc4c9e0000 - 0x00007ffc4cb7d000 	C:\Windows\System32\USER32.dll
0x00007ffc2df00000 - 0x00007ffc2e19a000 	C:\Windows\WinSxS\amd64_microsoft.windows.common-controls_6595b64144ccf1df_6.0.19041.4355_none_60b8b9eb71f62e16\COMCTL32.dll
0x00007ffc4a380000 - 0x00007ffc4a3a2000 	C:\Windows\System32\win32u.dll
0x00007ffc4c9b0000 - 0x00007ffc4c9db000 	C:\Windows\System32\GDI32.dll
0x00007ffc4a3b0000 - 0x00007ffc4a4ca000 	C:\Windows\System32\gdi32full.dll
0x00007ffc4a2e0000 - 0x00007ffc4a37d000 	C:\Windows\System32\msvcp_win.dll
0x00007ffc447f0000 - 0x00007ffc447fa000 	C:\Windows\SYSTEM32\VERSION.dll
0x00007ffc4b070000 - 0x00007ffc4b09f000 	C:\Windows\System32\IMM32.DLL
0x00007ffc44d50000 - 0x00007ffc44d5c000 	C:\Program Files\Java\jdk-18.0.2.1\bin\vcruntime140_1.dll
0x00007ffc24fc0000 - 0x00007ffc2504d000 	C:\Program Files\Java\jdk-18.0.2.1\bin\msvcp140.dll
0x00007ffbfc070000 - 0x00007ffbfcc81000 	C:\Program Files\Java\jdk-18.0.2.1\bin\server\jvm.dll
0x00007ffc4cb80000 - 0x00007ffc4cb88000 	C:\Windows\System32\PSAPI.DLL
0x00007ffc2e970000 - 0x00007ffc2e979000 	C:\Windows\SYSTEM32\WSOCK32.dll
0x00007ffc40440000 - 0x00007ffc40467000 	C:\Windows\SYSTEM32\WINMM.dll
0x00007ffc4c460000 - 0x00007ffc4c4cb000 	C:\Windows\System32\WS2_32.dll
0x00007ffc48140000 - 0x00007ffc48152000 	C:\Windows\SYSTEM32\kernel.appcore.dll
0x00007ffc3ea60000 - 0x00007ffc3ea6a000 	C:\Program Files\Java\jdk-18.0.2.1\bin\jimage.dll
0x00007ffc47ef0000 - 0x00007ffc480d4000 	C:\Windows\SYSTEM32\DBGHELP.DLL
0x00007ffc43910000 - 0x00007ffc43944000 	C:\Windows\SYSTEM32\dbgcore.DLL
0x00007ffc4aa60000 - 0x00007ffc4aae2000 	C:\Windows\System32\bcryptPrimitives.dll
0x00007ffc3e550000 - 0x00007ffc3e55e000 	C:\Program Files\Java\jdk-18.0.2.1\bin\instrument.dll
0x00007ffc2da70000 - 0x00007ffc2da95000 	C:\Program Files\Java\jdk-18.0.2.1\bin\java.dll
0x00007ffc13f10000 - 0x00007ffc13fe6000 	C:\Program Files\Java\jdk-18.0.2.1\bin\jsvml.dll
0x00007ffc4bbd0000 - 0x00007ffc4c33d000 	C:\Windows\System32\SHELL32.dll
0x00007ffc482b0000 - 0x00007ffc48a54000 	C:\Windows\SYSTEM32\windows.storage.dll
0x00007ffc4b850000 - 0x00007ffc4bba5000 	C:\Windows\System32\combase.dll
0x00007ffc49ca0000 - 0x00007ffc49ccb000 	C:\Windows\SYSTEM32\Wldp.dll
0x00007ffc4b4e0000 - 0x00007ffc4b5ad000 	C:\Windows\System32\OLEAUT32.dll
0x00007ffc4c780000 - 0x00007ffc4c82d000 	C:\Windows\System32\SHCORE.dll
0x00007ffc4b610000 - 0x00007ffc4b665000 	C:\Windows\System32\shlwapi.dll
0x00007ffc4a1a0000 - 0x00007ffc4a1c5000 	C:\Windows\SYSTEM32\profapi.dll
0x00007ffc2c5e0000 - 0x00007ffc2c5f8000 	C:\Program Files\Java\jdk-18.0.2.1\bin\zip.dll
0x00007ffc2f0d0000 - 0x00007ffc2f0e3000 	C:\Program Files\Java\jdk-18.0.2.1\bin\net.dll
0x00007ffc46fd0000 - 0x00007ffc470da000 	C:\Windows\SYSTEM32\WINHTTP.dll
0x00007ffc499c0000 - 0x00007ffc49a2c000 	C:\Windows\system32\mswsock.dll
0x00007ffc2e990000 - 0x00007ffc2e9a6000 	C:\Program Files\Java\jdk-18.0.2.1\bin\nio.dll
0x00007ffc36f30000 - 0x00007ffc36f4a000 	D:\IntelliJ IDEA Community Edition 2022.2.1\bin\breakgen64.dll
0x00007ffc49c00000 - 0x00007ffc49c18000 	C:\Windows\SYSTEM32\CRYPTSP.dll
0x00007ffc49270000 - 0x00007ffc492a8000 	C:\Windows\system32\rsaenh.dll
0x00007ffc4a120000 - 0x00007ffc4a14e000 	C:\Windows\SYSTEM32\USERENV.dll
0x00007ffc49bf0000 - 0x00007ffc49bfc000 	C:\Windows\SYSTEM32\CRYPTBASE.dll
0x00007ffc49660000 - 0x00007ffc4969b000 	C:\Windows\SYSTEM32\IPHLPAPI.DLL
0x00007ffc4bbc0000 - 0x00007ffc4bbc8000 	C:\Windows\System32\NSI.dll
0x00007ffc43d90000 - 0x00007ffc43da7000 	C:\Windows\SYSTEM32\dhcpcsvc6.DLL
0x00007ffc434b0000 - 0x00007ffc434cd000 	C:\Windows\SYSTEM32\dhcpcsvc.DLL
0x00007ffc496b0000 - 0x00007ffc4977a000 	C:\Windows\SYSTEM32\DNSAPI.dll
0x00007ffbb9c20000 - 0x00007ffbbb4ac000 	C:\Users\Валерия\AppData\Local\Temp\ortools-java4702061053196083634\ortools-win32-x86-64\jniortools.dll

dbghelp: loaded successfully - version: 4.0.5 - missing functions: none
symbol engine: initialized successfully - sym options: 0x614 - pdb path: .;C:\Program Files\Java\jdk-18.0.2.1\bin;C:\Windows\SYSTEM32;C:\Windows\WinSxS\amd64_microsoft.windows.common-controls_6595b64144ccf1df_6.0.19041.4355_none_60b8b9eb71f62e16;C:\Program Files\Java\jdk-18.0.2.1\bin\server;D:\IntelliJ IDEA Community Edition 2022.2.1\bin;C:\Users\Валерия\AppData\Local\Temp\ortools-java4702061053196083634\ortools-win32-x86-64

VM Arguments:
jvm_args: -javaagent:D:\IntelliJ IDEA Community Edition 2022.2.1\lib\idea_rt.jar=60001:D:\IntelliJ IDEA Community Edition 2022.2.1\bin -Dfile.encoding=UTF-8 -Dsun.stdout.encoding=UTF-8 -Dsun.stderr.encoding=UTF-8 
java_command: org.example.Main
java_class_path (initial): D:\ярлыкиРабочегоСтола\univer\3course\courseWork\localSearch\target\classes;C:\Users\Валерия\.m2\repository\junit\junit\4.13.2\junit-4.13.2.jar;C:\Users\Валерия\.m2\repository\org\hamcrest\hamcrest-core\1.3\hamcrest-core-1.3.jar;C:\Users\Валерия\.m2\repository\org\junit\jupiter\junit-jupiter\5.12.0-RC2\junit-jupiter-5.12.0-RC2.jar;C:\Users\Валерия\.m2\repository\org\junit\jupiter\junit-jupiter-api\5.12.0-RC2\junit-jupiter-api-5.12.0-RC2.jar;C:\Users\Валерия\.m2\repository\org\opentest4j\opentest4j\1.3.0\opentest4j-1.3.0.jar;C:\Users\Валерия\.m2\repository\org\junit\platform\junit-platform-commons\1.12.0-RC2\junit-platform-commons-1.12.0-RC2.jar;C:\Users\Валерия\.m2\repository\org\apiguardian\apiguardian-api\1.1.2\apiguardian-api-1.1.2.jar;C:\Users\Валерия\.m2\repository\org\junit\jupiter\junit-jupiter-params\5.12.0-RC2\junit-jupiter-params-5.12.0-RC2.jar;C:\Users\Валерия\.m2\repository\org\junit\jupiter\junit-jupiter-engine\5.12.0-RC2\junit-jupiter-engine-5.12.0-RC2.jar;C:\Users\Валерия\.m2\repository\org\junit\platform\junit-platform-engine\1.12.0-RC2\junit-platform-engine-1.12.0-RC2.jar;C:\Users\Валерия\.m2\repository\com\google\ortools\ortools-java\9.10.4067\ortools-java-9.10.4067.jar;C:\Users\Валерия\.m2\repository\com\google\ortools\ortools-linux-x86-64\9.10.4067\ortools-linux-x86-64-9.10.4067.jar;C:\Users\Валерия\.m2\repository\com\google\ortools\ortools-darwin-x86-64\9.10.4067\ortools-darwin-x86-64-9.10.4067.jar;C:\Users\Валерия\.m2\repository\com\google\ortools\ortools-win32-x86-64\9.10.4067\ortools-win32-x86-64-9.10.4067.jar;C:\Users\Валерия\.m2\repository\com\google\ortools\ortools-linux-aarch64\9.10.4067\ortools-linux-aarch64-9.10.4067.jar;C:\Users\Валерия\.m2\repository\com\google\ortools\ortools-darwin-aarch64\9.10.4067\ortools-darwin-aarch64-9.10.4067.jar;C:\Users\Валерия\.m2\repository\net\java\dev\jna\jna-platform\5.14.0\jna-platform-5.14.0.jar;C:\Users\Валерия\.m2\repository\net\java\dev\jna\jna\5.14.0\jna-5.14.0.jar;C:\Users\Валерия\.m2\repository\com\google\protobuf\protobuf-java\4.26.1\protobuf-java-4.26.1.jar
Launcher Type: SUN_STANDARD

[Global flags]
     intx CICompilerCount                          = 4                                         {product} {ergonomic}
     uint ConcGCThreads                            = 2                                         {product} {ergonomic}
     uint G1ConcRefinementThreads                  = 8                                         {product} {ergonomic}
   size_t G1HeapRegionSize                         = 1048576                                   {product} {ergonomic}
    uintx GCDrainStackTargetSize                   = 64                                        {product} {ergonomic}
   size_t InitialHeapSize                          = 132120576                                 {product} {ergonomic}
   size_t MarkStackSize                            = 4194304                                   {product} {ergonomic}
   size_t MaxHeapSize                              = 2105540608                                {product} {ergonomic}
   size_t MaxNewSize                               = 1262485504                                {product} {ergonomic}
   size_t MinHeapDeltaBytes                        = 1048576                                   {product} {ergonomic}
   size_t MinHeapSize                              = 8388608                                   {product} {ergonomic}
    uintx NonNMethodCodeHeapSize                   = 5839372                                {pd product} {ergonomic}
    uintx NonProfiledCodeHeapSize                  = 122909434                              {pd product} {ergonomic}
    uintx ProfiledCodeHeapSize                     = 122909434                              {pd product} {ergonomic}
    uintx ReservedCodeCacheSize                    = 251658240                              {pd product} {ergonomic}
     bool SegmentedCodeCache                       = true                                      {product} {ergonomic}
   size_t SoftMaxHeapSize                          = 2105540608                             {manageable} {ergonomic}
     bool UseCompressedClassPointers               = true                           {product lp64_product} {ergonomic}
     bool UseCompressedOops                        = true                           {product lp64_product} {ergonomic}
     bool UseG1GC                                  = true                                      {product} {ergonomic}
     bool UseLargePagesIndividualAllocation        = false                                  {pd product} {ergonomic}

Logging:
Log output configuration:
 #0: stdout all=warning uptime,level,tags foldmultilines=false
 #1: stderr all=off uptime,level,tags foldmultilines=false

Environment Variables:
PATH=C:\ProgramData\Oracle\Java\javapath;C:\Program Files\Microsoft\jdk-11.0.16.101-hotspot\bin;C:\Program Files\Common Files\Oracle\Java\javapath;C:\Windows\system32;C:\Windows;C:\Windows\System32\Wbem;C:\Windows\System32\WindowsPowerShell\v1.0\;C:\Windows\System32\OpenSSH\;D:\Git\cmd;C:\Program Files\dotnet\;C:\Program Files\Docker\Docker\resources\bin;C:\GAMS\48;C:\GAMS\48\gbin;C:\Program Files\MySQL\MySQL Shell 8.0\bin\;C:\Users\Валерия\AppData\Local\Microsoft\WindowsApps;C:\Users\Валерия\.dotnet\tools;C:\Users\Валерия\AppData\Local\GitHubDesktop\bin
USERNAME=Valeria
OS=Windows_NT
PROCESSOR_IDENTIFIER=Intel64 Family 6 Model 142 Stepping 12, GenuineIntel



---------------  S Y S T E M  ---------------

OS:
 Windows 10 , 64 bit Build 19041 (10.0.19041.5438)
OS uptime: 10 days 3:21 hours
Hyper-V role detected

CPU: total 8 (initial active 8) (4 cores per cpu, 2 threads per core) family 6 model 142 stepping 12 microcode 0xde, cx8, cmov, fxsr, ht, mmx, 3dnowpref, sse, sse2, sse3, ssse3, sse4.1, sse4.2, popcnt, lzcnt, tsc, tscinvbit, avx, avx2, aes, erms, clmul, bmi1, bmi2, adx, fma, vzeroupper, clflush, clflushopt, hv

Memory: 4k page, system-wide physical 8025M (791M free)
TotalPageFile size 18876M (AvailPageFile size 3017M)
current process WorkingSet (physical memory assigned to process): 62M, peak: 62M
current process commit charge ("private bytes"): 221M, peak: 221M

vm_info: Java HotSpot(TM) 64-Bit Server VM (18.0.2.1+1-1) for windows-amd64 JRE (18.0.2.1+1-1), built on Aug 16 2022 01:46:33 by "mach5one" with MS VC++ 16.8 / 16.9 (VS2019)

END.
